// Jest Snapshot v1, https://goo.gl/fbAQLP

exports[`App renders 1`] = `
<div
  className="hardiman_website"
>
  <header>
    <nav>
      <div
        className="nav_bar"
      >
        <div
          className="logo"
        >
          JMHGardens
        </div>
        <div
          className="nav_links_wrapper"
        >
          <a
            className="nav_link"
            href="#home"
          >
            Home
          </a>
          <a
            className="nav_link"
            href="#about"
          >
            About
          </a>
          <a
            className="nav_link"
            href="#services"
          >
            Services
          </a>
          <a
            className="nav_link"
            href="#contact"
          >
            Contact
          </a>
        </div>
        <div
          className="contact_number"
        >
          <i
            className="fas fa-phone-volume"
          />
            07932 771 158
        </div>
      </div>
    </nav>
  </header>
  <div
    className="wrapper"
  >
    <main>
      <div
        className="home"
      >
        <img
          alt="Watering Garden"
          src="./images/watering.jpg"
          style={
            Object {
              "height": "auto",
              "width": "100%",
            }
          }
        />
        <div
          className="section_container"
        >
          <div
            className="title-divider"
          >
            <hr />
            <h2>
              About
            </h2>
            <hr />
          </div>
          <div
            className="text"
            style={
              Object {
                "height": "600px",
                "padding": "20px",
              }
            }
          >
            About
          </div>
        </div>
        <div
          className="section_container"
        >
          <div
            className="title-divider"
          >
            <hr />
            <h2>
              Services
            </h2>
            <hr />
          </div>
          <div
            className="services"
          >
            <div>
              <div
                className="services_text"
              >
                <h3>
                  A Header
                </h3>
                <p>
                  Lorem Ispum Lorem Ispum Lorem Ispum Lorem.
                </p>
                <p>
                  Lorem Ispum Lorem Ispum Lorem Ispum Lorem Ispum Lorem Ispum Lorem Ispum Lorem Ispum Lorem Ispum Ispum Lorem Ispum Lorem Ispum Lorem Ispum Lorem Ispum.
                </p>
                <p>
                  Lorem Ispum Lorem Ispum Lorem Ispum Lorem Ispum Lorem Ispum Lorem Ispum Lorem Ispum Lorem IspumIspum Lorem Ispum Lorem Ispum Lorem Ispum Lorem IspumIspum Lorem Ispum Lorem Ispum Lorem Ispum Lorem Ispum.
                </p>
                <p>
                  Lorem Ispum Lorem Ispum Lorem Ispum Lorem Ispum Lorem Ispum Lorem Ispum Lorem Ispum Lorem Ispum.
                </p>
              </div>
              <div
                className="service_tile_wrapper"
              >
                <div
                  onClick={[Function]}
                >
                  <div
                    className="tile"
                  >
                    <img
                      alt="service"
                      src="https://images.unsplash.com/photo-1499856666482-0667da148d3b?ixlib=rb-1.2.1&ixid=eyJhcHBfaWQiOjEyMDd9&auto=format&fit=crop&w=1791&q=80"
                    />
                    <p>
                      Garden Design
                    </p>
                  </div>
                </div>
                <div
                  onClick={[Function]}
                >
                  <div
                    className="tile"
                  >
                    <img
                      alt="service"
                      src="https://images.unsplash.com/photo-1417036631532-ae3fc6ce32f2?ixlib=rb-1.2.1&auto=format&fit=crop&w=1500&q=80"
                    />
                    <p>
                      Garden Maintenance
                    </p>
                  </div>
                </div>
                <div
                  onClick={[Function]}
                >
                  <div
                    className="tile"
                  >
                    <img
                      alt="service"
                      src="https://images.unsplash.com/photo-1528092744838-b91de0a10615?ixlib=rb-1.2.1&ixid=eyJhcHBfaWQiOjEyMDd9&auto=format&fit=crop&w=1500&q=80"
                    />
                    <p>
                      Garden Clearance
                    </p>
                  </div>
                </div>
              </div>
            </div>
          </div>
        </div>
        <div
          className="section_container"
        >
          <div
            className="title-divider"
          >
            <hr />
            <h2>
              Contact
            </h2>
            <hr />
          </div>
          <div
            className="text"
            style={
              Object {
                "height": "600px",
                "padding": "20px",
              }
            }
          >
            Contact
          </div>
        </div>
      </div>
    </main>
  </div>
  <footer>
    <footer />
  </footer>
</div>
`;
