// Jest Snapshot v1, https://goo.gl/fbAQLP

exports[`App renders 1`] = `
<div
  className="hardiman_website"
>
  <header>
    <nav>
      <div
        className="nav_bar"
      >
        <div
          className="nav_bar_inner"
        >
          <div
            className="logo"
          >
            JMHGardens
          </div>
          <div
            className="nav_links_wrapper"
          >
            <a
              className="nav_link"
              href="#home"
            >
              Home
            </a>
            <a
              className="nav_link"
              href="#about"
            >
              About
            </a>
            <a
              className="nav_link"
              href="#services"
            >
              Services
            </a>
            <a
              className="nav_link"
              href="#contact"
            >
              Contact
            </a>
          </div>
          <div
            className="contact_details"
          >
            <div
              className="contact_number"
            >
              <i
                className="fas fa-phone-volume"
              />
                07932 771 158
            </div>
            <div
              className="contact_email"
            >
              <i
                className="fas fa-envelope"
              />
                
              <a
                href="mailto:jmhgardens@yahoo.co.uk"
              >
                jmhgardens@yahoo.co.uk
              </a>
            </div>
          </div>
        </div>
      </div>
    </nav>
  </header>
  <div
    className="wrapper"
  >
    <main>
      <div>
        <div
          className="home"
        />
        <div
          className="main"
        >
          <div
            className="section_container"
          >
            <div
              className="title-divider"
            >
              <hr />
              <h2>
                About
              </h2>
              <hr />
            </div>
            <div
              className="about_wrapper"
            >
              <div
                className="section"
              >
                <div
                  className="profile_image"
                />
                <div
                  className="quote_container"
                >
                  <div
                    className="quote"
                  >
                    "A garden is a reflction of our personalities, it's a place where we vision our own unique place to escape.
                    That's why for me it's important to build a relationship with my clients, to enable me to understand that vision and capture it in my work"
                  </div>
                </div>
              </div>
              <div
                className="section"
              >
                <div
                  className="another_quote"
                >
                  "I have been running JMH Gardens since am a private gardner have been working as a gardener since 2009.
                  
                  I thoroughly enjoy creating new visions and etc
                  
                  Some more text abotu what I do and who I am. I'm a great gardener and love vodka. Seriously. Occasionally I drink too much (sad face). I need write more stuff so I can filll in the blanks ansd se what it looks like.
                  
                  I'm going to Australia for christmas, with my fiance and little baby bo. His name is Tadg, pronounced Tige, like in tiger. He is the cutest lttlething ever!!!
                  
                  Anyway, I need to write more stuff to fill out the blanks, just not too sure what tot write. I coudl write about my Saturday today, spent the morning flying. Then cooked breakfast. Poached eggs on toast. The bread from Morrisons is rubbish I need to make my own tommorrow.
                  
                  So this is the last paragraph, I just need to write a few more lines and I am done/ So what shall I write, well, I just saw Robert De Niro jerking off in a Zac Efron film. Awesome. Scared for life! Seriously, who writes this shit?"
                </div>
                <div
                  className="another_image"
                />
              </div>
            </div>
          </div>
          <div
            className="section_container"
          >
            <div
              className="title-divider"
            >
              <hr />
              <h2>
                Services
              </h2>
              <hr />
            </div>
            <div
              className="services_wrapper"
            >
              <div
                className="services_text"
              >
                <h3>
                  A Header
                </h3>
                <div
                  className="body"
                >
                  "I have been running JMH Gardens since am a private gardner have been working as a gardener since 2009.
                  
                  I thoroughly enjoy creating new visions and etc
                  
                  Some more text abotu what I do and who I am. I'm a great gardener and love vodka. Seriously. Occasionally I drink too much (sad face). I need write more stuff so I can filll in the blanks ansd se what it looks like.
                  
                  I'm going to Australia for christmas, with my fiance and little baby bo. His name is Tadg, pronounced Tige, like in tiger. He is the cutest lttlething ever!!!
                  
                  Anyway, I need to write more stuff to fill out the blanks, just not too sure what tot write. I coudl write about my Saturday today, spent the morning flying. Then cooked breakfast. Poached eggs on toast. The bread from Morrisons is rubbish I need to make my own tommorrow.
                  
                  So this is the last paragraph, I just need to write a few more lines and I am done/ So what shall I write, well, I just saw Robert De Niro jerking off in a Zac Efron film. Awesome. Scared for life! Seriously, who writes this shit?"
                </div>
              </div>
              <div>
                <div
                  className="service_tile_wrapper"
                >
                  <div
                    className="react-card-flip"
                    style={
                      Object {
                        "perspective": "1000px",
                        "zIndex": "auto",
                      }
                    }
                  >
                    <div
                      className="react-card-flipper"
                      style={
                        Object {
                          "height": "100%",
                          "position": "relative",
                          "width": "100%",
                        }
                      }
                    >
                      <div
                        className="react-card-front"
                        style={
                          Object {
                            "WebkitBackfaceVisibility": "hidden",
                            "backfaceVisibility": "hidden",
                            "height": "100%",
                            "left": "0",
                            "position": "relative",
                            "top": "0",
                            "transform": "rotateY(0deg)",
                            "transformStyle": "preserve-3d",
                            "transition": "0.6s",
                            "width": "100%",
                            "zIndex": "2",
                          }
                        }
                      >
                        <div
                          onClick={[Function]}
                        >
                          <div
                            className="tile font"
                          >
                            <img
                              alt="service"
                              src="https://images.unsplash.com/photo-1499856666482-0667da148d3b?ixlib=rb-1.2.1&ixid=eyJhcHBfaWQiOjEyMDd9&auto=format&fit=crop&w=1791&q=80"
                            />
                            <p>
                              Garden Design
                            </p>
                          </div>
                        </div>
                      </div>
                      <div
                        className="react-card-back"
                        style={
                          Object {
                            "WebkitBackfaceVisibility": "hidden",
                            "backfaceVisibility": "hidden",
                            "height": "100%",
                            "left": "0",
                            "position": "absolute",
                            "top": "0",
                            "transform": "rotateY(-180deg)",
                            "transformStyle": "preserve-3d",
                            "transition": "0.6s",
                            "width": "100%",
                          }
                        }
                      >
                        <div
                          onClick={[Function]}
                        >
                          <div
                            className="tile active design"
                          >
                            <p
                              className="medium"
                            >
                              Garden Design
                            </p>
                            <p
                              className="small"
                            >
                              boo
                            </p>
                             
                          </div>
                        </div>
                      </div>
                    </div>
                  </div>
                  <div
                    className="react-card-flip"
                    style={
                      Object {
                        "perspective": "1000px",
                        "zIndex": "auto",
                      }
                    }
                  >
                    <div
                      className="react-card-flipper"
                      style={
                        Object {
                          "height": "100%",
                          "position": "relative",
                          "width": "100%",
                        }
                      }
                    >
                      <div
                        className="react-card-front"
                        style={
                          Object {
                            "WebkitBackfaceVisibility": "hidden",
                            "backfaceVisibility": "hidden",
                            "height": "100%",
                            "left": "0",
                            "position": "relative",
                            "top": "0",
                            "transform": "rotateY(0deg)",
                            "transformStyle": "preserve-3d",
                            "transition": "0.6s",
                            "width": "100%",
                            "zIndex": "2",
                          }
                        }
                      >
                        <div
                          onClick={[Function]}
                        >
                          <div
                            className="tile font"
                          >
                            <img
                              alt="service"
                              src="https://images.unsplash.com/photo-1417036631532-ae3fc6ce32f2?ixlib=rb-1.2.1&auto=format&fit=crop&w=1500&q=80"
                            />
                            <p>
                              Garden Maintenance
                            </p>
                          </div>
                        </div>
                      </div>
                      <div
                        className="react-card-back"
                        style={
                          Object {
                            "WebkitBackfaceVisibility": "hidden",
                            "backfaceVisibility": "hidden",
                            "height": "100%",
                            "left": "0",
                            "position": "absolute",
                            "top": "0",
                            "transform": "rotateY(-180deg)",
                            "transformStyle": "preserve-3d",
                            "transition": "0.6s",
                            "width": "100%",
                          }
                        }
                      >
                        <div
                          onClick={[Function]}
                        >
                          <div
                            className="tile active maintenance"
                          >
                            <p
                              className="medium"
                            >
                              Garden Maintenance
                            </p>
                            <p
                              className="small"
                            >
                              boo
                            </p>
                             
                          </div>
                        </div>
                      </div>
                    </div>
                  </div>
                  <div
                    className="react-card-flip"
                    style={
                      Object {
                        "perspective": "1000px",
                        "zIndex": "auto",
                      }
                    }
                  >
                    <div
                      className="react-card-flipper"
                      style={
                        Object {
                          "height": "100%",
                          "position": "relative",
                          "width": "100%",
                        }
                      }
                    >
                      <div
                        className="react-card-front"
                        style={
                          Object {
                            "WebkitBackfaceVisibility": "hidden",
                            "backfaceVisibility": "hidden",
                            "height": "100%",
                            "left": "0",
                            "position": "relative",
                            "top": "0",
                            "transform": "rotateY(0deg)",
                            "transformStyle": "preserve-3d",
                            "transition": "0.6s",
                            "width": "100%",
                            "zIndex": "2",
                          }
                        }
                      >
                        <div
                          onClick={[Function]}
                        >
                          <div
                            className="tile font"
                          >
                            <img
                              alt="service"
                              src="https://images.unsplash.com/photo-1528092744838-b91de0a10615?ixlib=rb-1.2.1&ixid=eyJhcHBfaWQiOjEyMDd9&auto=format&fit=crop&w=1500&q=80"
                            />
                            <p>
                              Garden Clearance
                            </p>
                          </div>
                        </div>
                      </div>
                      <div
                        className="react-card-back"
                        style={
                          Object {
                            "WebkitBackfaceVisibility": "hidden",
                            "backfaceVisibility": "hidden",
                            "height": "100%",
                            "left": "0",
                            "position": "absolute",
                            "top": "0",
                            "transform": "rotateY(-180deg)",
                            "transformStyle": "preserve-3d",
                            "transition": "0.6s",
                            "width": "100%",
                          }
                        }
                      >
                        <div
                          onClick={[Function]}
                        >
                          <div
                            className="tile active clearance"
                          >
                            <p
                              className="medium"
                            >
                              Garden Clearance
                            </p>
                            <p
                              className="small"
                            >
                              boo
                            </p>
                             
                          </div>
                        </div>
                      </div>
                    </div>
                  </div>
                </div>
                <div
                  className="description none"
                >
                  <div />
                </div>
              </div>
            </div>
          </div>
          <div
            className="section_container"
          >
            <div
              className="title-divider"
            >
              <hr />
              <h2>
                Contact
              </h2>
              <hr />
            </div>
            <div
              className="contact_wrapper"
            >
              <div
                className="contact_details"
              >
                <p>
                  Please reach out to discuss your requirements.
                </p>
                <p>
                  Write to me at:
                  Jonathon Hardiman
                  71 Berkeley Crescent
                  East Barnet Village
                  Barnet
                  EN4 8BT
                </p>
                <p>
                  T: 07932 771 158
                </p>
                <p>
                  E:
                   
                  <a
                    href="mailto:jmhgardens@yahoo.co.uk"
                  >
                    jmhgardens@yahoo.co.uk
                  </a>
                </p>
              </div>
              <div
                className="email_form"
              >
                <form>
                  <input
                    name="name"
                    onChange={[Function]}
                    placeholder="Full Name"
                    required={true}
                    type="text"
                    value=""
                  />
                  <input
                    name="email"
                    onChange={[Function]}
                    placeholder="Email Address"
                    required={true}
                    type="text"
                    value=""
                  />
                  <input
                    name="telephone"
                    onChange={[Function]}
                    placeholder="Contact Number"
                    required={true}
                    type="text"
                    value=""
                  />
                  <textarea
                    name="message"
                    onChange={[Function]}
                    placeholder="Message (please include location)"
                    required={true}
                    type="text"
                    value=""
                  />
                  <input
                    className="submit"
                    onClick={[Function]}
                    type="submit"
                    value="Submit"
                  />
                </form>
              </div>
            </div>
          </div>
        </div>
      </div>
    </main>
  </div>
  <footer>
    <footer />
  </footer>
</div>
`;
