// Jest Snapshot v1, https://goo.gl/fbAQLP

exports[`App renders 1`] = `
<div
  className="hardiman_website"
>
  <header
    className="header"
  >
    <nav
      className="nav_bar"
    >
      <a
        className="nav_link"
        onClick={[Function]}
        style={Object {}}
      >
        Home
      </a>
      <a
        className="nav_link"
        onClick={[Function]}
        style={Object {}}
      >
        About
      </a>
      <a
        className="nav_link"
        onClick={[Function]}
        style={Object {}}
      >
        Services
      </a>
      <a
        className="nav_link"
        onClick={[Function]}
        style={Object {}}
      >
        Portfolio
      </a>
      <a
        className="nav_link"
        onClick={[Function]}
        style={Object {}}
      >
        Contact
      </a>
    </nav>
  </header>
</div>
`;
