// Jest Snapshot v1, https://goo.gl/fbAQLP

exports[`Navbar renders 1`] = `
<nav
  className="nav_bar"
>
  <a
    className="nav_link"
    onClick={[Function]}
    style={Object {}}
  >
    Home
  </a>
  <a
    className="nav_link"
    onClick={[Function]}
    style={Object {}}
  >
    About
  </a>
  <a
    className="nav_link"
    onClick={[Function]}
    style={Object {}}
  >
    Services
  </a>
  <a
    className="nav_link"
    onClick={[Function]}
    style={Object {}}
  >
    Portfolio
  </a>
  <a
    className="nav_link"
    onClick={[Function]}
    style={Object {}}
  >
    Contact
  </a>
</nav>
`;
