// Jest Snapshot v1, https://goo.gl/fbAQLP

exports[`Navbar renders 1`] = `
<nav>
  <div
    className="nav_bar"
  >
    <a
      className="nav_link"
      onClick={[Function]}
      style={Object {}}
    >
      Home
    </a>
    <a
      className="nav_link"
      onClick={[Function]}
      style={Object {}}
    >
      About
    </a>
    <a
      className="nav_link"
      onClick={[Function]}
      style={Object {}}
    >
      Services
    </a>
    <a
      className="nav_link"
      onClick={[Function]}
      style={Object {}}
    >
      Portfolio
    </a>
    <a
      className="nav_link"
      onClick={[Function]}
      style={Object {}}
    >
      Contact
    </a>
    <h3
      className="mobile"
    >
      07079 000 612
    </h3>
  </div>
</nav>
`;
