// Jest Snapshot v1, https://goo.gl/fbAQLP

exports[`Navbar renders 1`] = `
<nav>
  <div
    className="nav_bar"
  >
    <h1
      className="logo"
    >
      LOGO
    </h1>
    <a
      className="nav_link"
      href="#home"
    >
      Home
    </a>
    <a
      className="nav_link"
      href="#about"
    >
      About
    </a>
    <a
      className="nav_link"
      href="#services"
    >
      Services
    </a>
    <a
      className="nav_link"
      href="#contact"
    >
      Contact
    </a>
  </div>
</nav>
`;
